29-May-2026 21:06:25.574 INFO [main] org.apache.catalina.startup.VersionLoggerListener.log Server version name:   Apache Tomcat/9.0.98
29-May-2026 21:06:25.579 INFO [main] org.apache.catalina.startup.VersionLoggerListener.log Server built:          Dec 5 2024 19:50:29 UTC
29-May-2026 21:06:25.579 INFO [main] org.apache.catalina.startup.VersionLoggerListener.log Server version number: 9.0.98.0
29-May-2026 21:06:25.579 INFO [main] org.apache.catalina.startup.VersionLoggerListener.log OS Name:               Windows 11
29-May-2026 21:06:25.579 INFO [main] org.apache.catalina.startup.VersionLoggerListener.log OS Version:            10.0
29-May-2026 21:06:25.580 INFO [main] org.apache.catalina.startup.VersionLoggerListener.log Architecture:          amd64
29-May-2026 21:06:25.580 INFO [main] org.apache.catalina.startup.VersionLoggerListener.log Java Home:             C:\Program Files\Java\jdk-23
29-May-2026 21:06:25.580 INFO [main] org.apache.catalina.startup.VersionLoggerListener.log JVM Version:           23.0.1+11-39
29-May-2026 21:06:25.580 INFO [main] org.apache.catalina.startup.VersionLoggerListener.log JVM Vendor:            Oracle Corporation
29-May-2026 21:06:25.580 INFO [main] org.apache.catalina.startup.VersionLoggerListener.log CATALINA_BASE:         C:\Users\Candra Hermawansah\Downloads\TaskManager\TaskManager\tomcat\apache-tomcat-9.0.98
29-May-2026 21:06:25.580 INFO [main] org.apache.catalina.startup.VersionLoggerListener.log CATALINA_HOME:         C:\Users\Candra Hermawansah\Downloads\TaskManager\TaskManager\tomcat\apache-tomcat-9.0.98
29-May-2026 21:06:25.591 INFO [main] org.apache.catalina.startup.VersionLoggerListener.log Command line argument: --add-opens=java.base/java.lang=ALL-UNNAMED
29-May-2026 21:06:25.591 INFO [main] org.apache.catalina.startup.VersionLoggerListener.log Command line argument: --add-opens=java.base/java.io=ALL-UNNAMED
29-May-2026 21:06:25.591 INFO [main] org.apache.catalina.startup.VersionLoggerListener.log Command line argument: --add-opens=java.base/java.util=ALL-UNNAMED
29-May-2026 21:06:25.591 INFO [main] org.apache.catalina.startup.VersionLoggerListener.log Command line argument: --add-opens=java.base/java.util.concurrent=ALL-UNNAMED
29-May-2026 21:06:25.591 INFO [main] org.apache.catalina.startup.VersionLoggerListener.log Command line argument: --add-opens=java.rmi/sun.rmi.transport=ALL-UNNAMED
29-May-2026 21:06:25.591 INFO [main] org.apache.catalina.startup.VersionLoggerListener.log Command line argument: -Djava.util.logging.config.file=C:\Users\Candra Hermawansah\Downloads\TaskManager\TaskManager\tomcat\apache-tomcat-9.0.98\conf\logging.properties
29-May-2026 21:06:25.591 INFO [main] org.apache.catalina.startup.VersionLoggerListener.log Command line argument: -Djava.util.logging.manager=org.apache.juli.ClassLoaderLogManager
29-May-2026 21:06:25.591 INFO [main] org.apache.catalina.startup.VersionLoggerListener.log Command line argument: -Djdk.tls.ephemeralDHKeySize=2048
29-May-2026 21:06:25.591 INFO [main] org.apache.catalina.startup.VersionLoggerListener.log Command line argument: -Djava.protocol.handler.pkgs=org.apache.catalina.webresources
29-May-2026 21:06:25.592 INFO [main] org.apache.catalina.startup.VersionLoggerListener.log Command line argument: -Dignore.endorsed.dirs=
29-May-2026 21:06:25.592 INFO [main] org.apache.catalina.startup.VersionLoggerListener.log Command line argument: -Dcatalina.base=C:\Users\Candra Hermawansah\Downloads\TaskManager\TaskManager\tomcat\apache-tomcat-9.0.98
29-May-2026 21:06:25.592 INFO [main] org.apache.catalina.startup.VersionLoggerListener.log Command line argument: -Dcatalina.home=C:\Users\Candra Hermawansah\Downloads\TaskManager\TaskManager\tomcat\apache-tomcat-9.0.98
29-May-2026 21:06:25.592 INFO [main] org.apache.catalina.startup.VersionLoggerListener.log Command line argument: -Djava.io.tmpdir=C:\Users\Candra Hermawansah\Downloads\TaskManager\TaskManager\tomcat\apache-tomcat-9.0.98\temp
29-May-2026 21:06:25.595 INFO [main] org.apache.catalina.core.AprLifecycleListener.lifecycleEvent Loaded Apache Tomcat Native library [1.3.1] using APR version [1.7.4].
29-May-2026 21:06:25.596 INFO [main] org.apache.catalina.core.AprLifecycleListener.lifecycleEvent APR capabilities: IPv6 [true], sendfile [true], accept filters [false], random [true], UDS [true].
29-May-2026 21:06:25.596 INFO [main] org.apache.catalina.core.AprLifecycleListener.lifecycleEvent APR/OpenSSL configuration: useAprConnector [false], useOpenSSL [true]
29-May-2026 21:06:25.604 INFO [main] org.apache.catalina.core.AprLifecycleListener.initializeSSL OpenSSL successfully initialized [OpenSSL 3.0.14 4 Jun 2024]
29-May-2026 21:06:26.043 INFO [main] org.apache.coyote.AbstractProtocol.init Initializing ProtocolHandler ["http-nio-8082"]
29-May-2026 21:06:26.078 INFO [main] org.apache.catalina.startup.Catalina.load Server initialization in [728] milliseconds
29-May-2026 21:06:26.145 INFO [main] org.apache.catalina.core.StandardService.startInternal Starting service [Catalina]
29-May-2026 21:06:26.145 INFO [main] org.apache.catalina.core.StandardEngine.startInternal Starting Servlet engine: [Apache Tomcat/9.0.98]
29-May-2026 21:06:26.157 INFO [main] org.apache.catalina.startup.HostConfig.deployDirectory Deploying web application directory [C:\Users\Candra Hermawansah\Downloads\TaskManager\TaskManager\tomcat\apache-tomcat-9.0.98\webapps\docs]
29-May-2026 21:06:26.590 INFO [main] org.apache.catalina.startup.HostConfig.deployDirectory Deployment of web application directory [C:\Users\Candra Hermawansah\Downloads\TaskManager\TaskManager\tomcat\apache-tomcat-9.0.98\webapps\docs] has finished in [432] ms
29-May-2026 21:06:26.590 INFO [main] org.apache.catalina.startup.HostConfig.deployDirectory Deploying web application directory [C:\Users\Candra Hermawansah\Downloads\TaskManager\TaskManager\tomcat\apache-tomcat-9.0.98\webapps\examples]
29-May-2026 21:06:27.224 INFO [main] org.apache.catalina.startup.HostConfig.deployDirectory Deployment of web application directory [C:\Users\Candra Hermawansah\Downloads\TaskManager\TaskManager\tomcat\apache-tomcat-9.0.98\webapps\examples] has finished in [634] ms
29-May-2026 21:06:27.224 INFO [main] org.apache.catalina.startup.HostConfig.deployDirectory Deploying web application directory [C:\Users\Candra Hermawansah\Downloads\TaskManager\TaskManager\tomcat\apache-tomcat-9.0.98\webapps\host-manager]
29-May-2026 21:06:27.277 INFO [main] org.apache.catalina.startup.HostConfig.deployDirectory Deployment of web application directory [C:\Users\Candra Hermawansah\Downloads\TaskManager\TaskManager\tomcat\apache-tomcat-9.0.98\webapps\host-manager] has finished in [53] ms
29-May-2026 21:06:27.278 INFO [main] org.apache.catalina.startup.HostConfig.deployDirectory Deploying web application directory [C:\Users\Candra Hermawansah\Downloads\TaskManager\TaskManager\tomcat\apache-tomcat-9.0.98\webapps\manager]
29-May-2026 21:06:27.326 INFO [main] org.apache.catalina.startup.HostConfig.deployDirectory Deployment of web application directory [C:\Users\Candra Hermawansah\Downloads\TaskManager\TaskManager\tomcat\apache-tomcat-9.0.98\webapps\manager] has finished in [48] ms
29-May-2026 21:06:27.326 INFO [main] org.apache.catalina.startup.HostConfig.deployDirectory Deploying web application directory [C:\Users\Candra Hermawansah\Downloads\TaskManager\TaskManager\tomcat\apache-tomcat-9.0.98\webapps\ROOT]
29-May-2026 21:06:27.738 INFO [main] org.apache.jasper.servlet.TldScanner.scanJars At least one JAR was scanned for TLDs yet contained no TLDs. Enable debug logging for this logger for a complete list of JARs that were scanned but no TLDs were found in them. Skipping unneeded JARs during scanning can improve startup time and JSP compilation time.
29-May-2026 21:06:27.750 INFO [main] org.apache.catalina.startup.HostConfig.deployDirectory Deployment of web application directory [C:\Users\Candra Hermawansah\Downloads\TaskManager\TaskManager\tomcat\apache-tomcat-9.0.98\webapps\ROOT] has finished in [423] ms
29-May-2026 21:06:27.755 INFO [main] org.apache.coyote.AbstractProtocol.start Starting ProtocolHandler ["http-nio-8082"]
29-May-2026 21:06:27.787 INFO [main] org.apache.catalina.startup.Catalina.start Server startup in [1706] milliseconds
29-May-2026 21:36:05.377 INFO [main] org.apache.catalina.startup.VersionLoggerListener.log Server version name:   Apache Tomcat/9.0.98
29-May-2026 21:36:05.382 INFO [main] org.apache.catalina.startup.VersionLoggerListener.log Server built:          Dec 5 2024 19:50:29 UTC
29-May-2026 21:36:05.382 INFO [main] org.apache.catalina.startup.VersionLoggerListener.log Server version number: 9.0.98.0
29-May-2026 21:36:05.383 INFO [main] org.apache.catalina.startup.VersionLoggerListener.log OS Name:               Windows 11
29-May-2026 21:36:05.383 INFO [main] org.apache.catalina.startup.VersionLoggerListener.log OS Version:            10.0
29-May-2026 21:36:05.383 INFO [main] org.apache.catalina.startup.VersionLoggerListener.log Architecture:          amd64
29-May-2026 21:36:05.383 INFO [main] org.apache.catalina.startup.VersionLoggerListener.log Java Home:             C:\Program Files\Java\jdk-23
29-May-2026 21:36:05.383 INFO [main] org.apache.catalina.startup.VersionLoggerListener.log JVM Version:           23.0.1+11-39
29-May-2026 21:36:05.383 INFO [main] org.apache.catalina.startup.VersionLoggerListener.log JVM Vendor:            Oracle Corporation
29-May-2026 21:36:05.385 INFO [main] org.apache.catalina.startup.VersionLoggerListener.log CATALINA_BASE:         C:\Users\Candra Hermawansah\Downloads\TaskManager\TaskManager\tomcat\apache-tomcat-9.0.98
29-May-2026 21:36:05.385 INFO [main] org.apache.catalina.startup.VersionLoggerListener.log CATALINA_HOME:         C:\Users\Candra Hermawansah\Downloads\TaskManager\TaskManager\tomcat\apache-tomcat-9.0.98
29-May-2026 21:36:05.393 INFO [main] org.apache.catalina.startup.VersionLoggerListener.log Command line argument: --add-opens=java.base/java.lang=ALL-UNNAMED
29-May-2026 21:36:05.394 INFO [main] org.apache.catalina.startup.VersionLoggerListener.log Command line argument: --add-opens=java.base/java.io=ALL-UNNAMED
29-May-2026 21:36:05.394 INFO [main] org.apache.catalina.startup.VersionLoggerListener.log Command line argument: --add-opens=java.base/java.util=ALL-UNNAMED
29-May-2026 21:36:05.394 INFO [main] org.apache.catalina.startup.VersionLoggerListener.log Command line argument: --add-opens=java.base/java.util.concurrent=ALL-UNNAMED
29-May-2026 21:36:05.394 INFO [main] org.apache.catalina.startup.VersionLoggerListener.log Command line argument: --add-opens=java.rmi/sun.rmi.transport=ALL-UNNAMED
29-May-2026 21:36:05.394 INFO [main] org.apache.catalina.startup.VersionLoggerListener.log Command line argument: -Djava.util.logging.config.file=c:\Users\Candra Hermawansah\Downloads\TaskManager\TaskManager\tomcat\apache-tomcat-9.0.98\conf\logging.properties
29-May-2026 21:36:05.394 INFO [main] org.apache.catalina.startup.VersionLoggerListener.log Command line argument: -Djava.util.logging.manager=org.apache.juli.ClassLoaderLogManager
29-May-2026 21:36:05.394 INFO [main] org.apache.catalina.startup.VersionLoggerListener.log Command line argument: -Djdk.tls.ephemeralDHKeySize=2048
29-May-2026 21:36:05.395 INFO [main] org.apache.catalina.startup.VersionLoggerListener.log Command line argument: -Djava.protocol.handler.pkgs=org.apache.catalina.webresources
29-May-2026 21:36:05.395 INFO [main] org.apache.catalina.startup.VersionLoggerListener.log Command line argument: -Dignore.endorsed.dirs=
29-May-2026 21:36:05.395 INFO [main] org.apache.catalina.startup.VersionLoggerListener.log Command line argument: -Dcatalina.base=c:\Users\Candra Hermawansah\Downloads\TaskManager\TaskManager\tomcat\apache-tomcat-9.0.98
29-May-2026 21:36:05.395 INFO [main] org.apache.catalina.startup.VersionLoggerListener.log Command line argument: -Dcatalina.home=c:\Users\Candra Hermawansah\Downloads\TaskManager\TaskManager\tomcat\apache-tomcat-9.0.98
29-May-2026 21:36:05.396 INFO [main] org.apache.catalina.startup.VersionLoggerListener.log Command line argument: -Djava.io.tmpdir=c:\Users\Candra Hermawansah\Downloads\TaskManager\TaskManager\tomcat\apache-tomcat-9.0.98\temp
29-May-2026 21:36:05.401 INFO [main] org.apache.catalina.core.AprLifecycleListener.lifecycleEvent Loaded Apache Tomcat Native library [1.3.1] using APR version [1.7.4].
29-May-2026 21:36:05.401 INFO [main] org.apache.catalina.core.AprLifecycleListener.lifecycleEvent APR capabilities: IPv6 [true], sendfile [true], accept filters [false], random [true], UDS [true].
29-May-2026 21:36:05.401 INFO [main] org.apache.catalina.core.AprLifecycleListener.lifecycleEvent APR/OpenSSL configuration: useAprConnector [false], useOpenSSL [true]
29-May-2026 21:36:05.408 INFO [main] org.apache.catalina.core.AprLifecycleListener.initializeSSL OpenSSL successfully initialized [OpenSSL 3.0.14 4 Jun 2024]
29-May-2026 21:36:05.776 INFO [main] org.apache.coyote.AbstractProtocol.init Initializing ProtocolHandler ["http-nio-8082"]
29-May-2026 21:36:05.793 SEVERE [main] org.apache.catalina.util.LifecycleBase.handleSubClassException Failed to initialize component [Connector["http-nio-8082"]]
	org.apache.catalina.LifecycleException: Protocol handler initialization failed
		at org.apache.catalina.connector.Connector.initInternal(Connector.java:1027)
		at org.apache.catalina.util.LifecycleBase.init(LifecycleBase.java:122)
		at org.apache.catalina.core.StandardService.initInternal(StandardService.java:525)
		at org.apache.catalina.util.LifecycleBase.init(LifecycleBase.java:122)
		at org.apache.catalina.core.StandardServer.initInternal(StandardServer.java:986)
		at org.apache.catalina.util.LifecycleBase.init(LifecycleBase.java:122)
		at org.apache.catalina.startup.Catalina.load(Catalina.java:690)
		at org.apache.catalina.startup.Catalina.load(Catalina.java:713)
		at java.base/jdk.internal.reflect.DirectMethodHandleAccessor.invoke(DirectMethodHandleAccessor.java:103)
		at java.base/java.lang.reflect.Method.invoke(Method.java:580)
		at org.apache.catalina.startup.Bootstrap.load(Bootstrap.java:302)
		at org.apache.catalina.startup.Bootstrap.main(Bootstrap.java:472)
	Caused by: java.net.BindException: Address already in use: bind
		at java.base/sun.nio.ch.Net.bind0(Native Method)
		at java.base/sun.nio.ch.Net.bind(Net.java:565)
		at java.base/sun.nio.ch.ServerSocketChannelImpl.netBind(ServerSocketChannelImpl.java:344)
		at java.base/sun.nio.ch.ServerSocketChannelImpl.bind(ServerSocketChannelImpl.java:301)
		at org.apache.tomcat.util.net.NioEndpoint.initServerSocket(NioEndpoint.java:268)
		at org.apache.tomcat.util.net.NioEndpoint.bind(NioEndpoint.java:223)
		at org.apache.tomcat.util.net.AbstractEndpoint.bindWithCleanup(AbstractEndpoint.java:1373)
		at org.apache.tomcat.util.net.AbstractEndpoint.init(AbstractEndpoint.java:1386)
		at org.apache.coyote.AbstractProtocol.init(AbstractProtocol.java:663)
		at org.apache.coyote.http11.AbstractHttp11Protocol.init(AbstractHttp11Protocol.java:80)
		at org.apache.catalina.connector.Connector.initInternal(Connector.java:1025)
		... 11 more
29-May-2026 21:36:05.796 INFO [main] org.apache.catalina.startup.Catalina.load Server initialization in [628] milliseconds
29-May-2026 21:36:05.845 INFO [main] org.apache.catalina.core.StandardService.startInternal Starting service [Catalina]
29-May-2026 21:36:05.845 INFO [main] org.apache.catalina.core.StandardEngine.startInternal Starting Servlet engine: [Apache Tomcat/9.0.98]
29-May-2026 21:36:05.854 INFO [main] org.apache.catalina.startup.HostConfig.deployDirectory Deploying web application directory [C:\Users\Candra Hermawansah\Downloads\TaskManager\TaskManager\tomcat\apache-tomcat-9.0.98\webapps\docs]
29-May-2026 21:36:06.181 INFO [main] org.apache.catalina.startup.HostConfig.deployDirectory Deployment of web application directory [C:\Users\Candra Hermawansah\Downloads\TaskManager\TaskManager\tomcat\apache-tomcat-9.0.98\webapps\docs] has finished in [327] ms
29-May-2026 21:36:06.182 INFO [main] org.apache.catalina.startup.HostConfig.deployDirectory Deploying web application directory [C:\Users\Candra Hermawansah\Downloads\TaskManager\TaskManager\tomcat\apache-tomcat-9.0.98\webapps\examples]
29-May-2026 21:36:06.709 INFO [main] org.apache.catalina.startup.HostConfig.deployDirectory Deployment of web application directory [C:\Users\Candra Hermawansah\Downloads\TaskManager\TaskManager\tomcat\apache-tomcat-9.0.98\webapps\examples] has finished in [527] ms
29-May-2026 21:36:06.709 INFO [main] org.apache.catalina.startup.HostConfig.deployDirectory Deploying web application directory [C:\Users\Candra Hermawansah\Downloads\TaskManager\TaskManager\tomcat\apache-tomcat-9.0.98\webapps\host-manager]
29-May-2026 21:36:06.763 INFO [main] org.apache.catalina.startup.HostConfig.deployDirectory Deployment of web application directory [C:\Users\Candra Hermawansah\Downloads\TaskManager\TaskManager\tomcat\apache-tomcat-9.0.98\webapps\host-manager] has finished in [53] ms
29-May-2026 21:36:06.763 INFO [main] org.apache.catalina.startup.HostConfig.deployDirectory Deploying web application directory [C:\Users\Candra Hermawansah\Downloads\TaskManager\TaskManager\tomcat\apache-tomcat-9.0.98\webapps\manager]
29-May-2026 21:36:06.809 INFO [main] org.apache.catalina.startup.HostConfig.deployDirectory Deployment of web application directory [C:\Users\Candra Hermawansah\Downloads\TaskManager\TaskManager\tomcat\apache-tomcat-9.0.98\webapps\manager] has finished in [45] ms
29-May-2026 21:36:06.809 INFO [main] org.apache.catalina.startup.HostConfig.deployDirectory Deploying web application directory [C:\Users\Candra Hermawansah\Downloads\TaskManager\TaskManager\tomcat\apache-tomcat-9.0.98\webapps\ROOT]
29-May-2026 21:36:07.191 INFO [main] org.apache.jasper.servlet.TldScanner.scanJars At least one JAR was scanned for TLDs yet contained no TLDs. Enable debug logging for this logger for a complete list of JARs that were scanned but no TLDs were found in them. Skipping unneeded JARs during scanning can improve startup time and JSP compilation time.
29-May-2026 21:36:07.200 INFO [main] org.apache.catalina.startup.HostConfig.deployDirectory Deployment of web application directory [C:\Users\Candra Hermawansah\Downloads\TaskManager\TaskManager\tomcat\apache-tomcat-9.0.98\webapps\ROOT] has finished in [390] ms
29-May-2026 21:36:07.205 INFO [main] org.apache.catalina.startup.Catalina.start Server startup in [1407] milliseconds
29-May-2026 21:36:07.213 SEVERE [main] org.apache.catalina.core.StandardServer.await Failed to create server shutdown socket on address [localhost] and port [8005] (base port [8005] and offset [0])
	java.net.BindException: Address already in use: bind
		at java.base/sun.nio.ch.Net.bind0(Native Method)
		at java.base/sun.nio.ch.Net.bind(Net.java:565)
		at java.base/sun.nio.ch.Net.bind(Net.java:554)
		at java.base/sun.nio.ch.NioSocketImpl.bind(NioSocketImpl.java:636)
		at java.base/java.net.ServerSocket.bind(ServerSocket.java:389)
		at java.base/java.net.ServerSocket.<init>(ServerSocket.java:276)
		at org.apache.catalina.core.StandardServer.await(StandardServer.java:537)
		at org.apache.catalina.startup.Catalina.await(Catalina.java:829)
		at org.apache.catalina.startup.Catalina.start(Catalina.java:777)
		at java.base/jdk.internal.reflect.DirectMethodHandleAccessor.invoke(DirectMethodHandleAccessor.java:103)
		at java.base/java.lang.reflect.Method.invoke(Method.java:580)
		at org.apache.catalina.startup.Bootstrap.start(Bootstrap.java:345)
		at org.apache.catalina.startup.Bootstrap.main(Bootstrap.java:473)
29-May-2026 21:36:07.214 INFO [main] org.apache.coyote.AbstractProtocol.pause Pausing ProtocolHandler ["http-nio-8082"]
29-May-2026 21:36:07.214 INFO [main] org.apache.catalina.core.StandardService.stopInternal Stopping service [Catalina]
29-May-2026 21:36:07.242 INFO [main] org.apache.coyote.AbstractProtocol.stop Stopping ProtocolHandler ["http-nio-8082"]
29-May-2026 21:36:07.242 INFO [main] org.apache.coyote.AbstractProtocol.destroy Destroying ProtocolHandler ["http-nio-8082"]
29-May-2026 22:58:34.626 INFO [main] org.apache.catalina.startup.VersionLoggerListener.log Server version name:   Apache Tomcat/9.0.98
29-May-2026 22:58:34.633 INFO [main] org.apache.catalina.startup.VersionLoggerListener.log Server built:          Dec 5 2024 19:50:29 UTC
29-May-2026 22:58:34.633 INFO [main] org.apache.catalina.startup.VersionLoggerListener.log Server version number: 9.0.98.0
29-May-2026 22:58:34.633 INFO [main] org.apache.catalina.startup.VersionLoggerListener.log OS Name:               Windows 11
29-May-2026 22:58:34.634 INFO [main] org.apache.catalina.startup.VersionLoggerListener.log OS Version:            10.0
29-May-2026 22:58:34.634 INFO [main] org.apache.catalina.startup.VersionLoggerListener.log Architecture:          amd64
29-May-2026 22:58:34.634 INFO [main] org.apache.catalina.startup.VersionLoggerListener.log Java Home:             C:\Program Files\Java\jdk-23
29-May-2026 22:58:34.634 INFO [main] org.apache.catalina.startup.VersionLoggerListener.log JVM Version:           23.0.1+11-39
29-May-2026 22:58:34.634 INFO [main] org.apache.catalina.startup.VersionLoggerListener.log JVM Vendor:            Oracle Corporation
29-May-2026 22:58:34.634 INFO [main] org.apache.catalina.startup.VersionLoggerListener.log CATALINA_BASE:         C:\Users\Candra Hermawansah\Downloads\TaskManager\TaskManager\tomcat\apache-tomcat-9.0.98
29-May-2026 22:58:34.634 INFO [main] org.apache.catalina.startup.VersionLoggerListener.log CATALINA_HOME:         C:\Users\Candra Hermawansah\Downloads\TaskManager\TaskManager\tomcat\apache-tomcat-9.0.98
29-May-2026 22:58:34.650 INFO [main] org.apache.catalina.startup.VersionLoggerListener.log Command line argument: --add-opens=java.base/java.lang=ALL-UNNAMED
29-May-2026 22:58:34.650 INFO [main] org.apache.catalina.startup.VersionLoggerListener.log Command line argument: --add-opens=java.base/java.io=ALL-UNNAMED
29-May-2026 22:58:34.651 INFO [main] org.apache.catalina.startup.VersionLoggerListener.log Command line argument: --add-opens=java.base/java.util=ALL-UNNAMED
29-May-2026 22:58:34.651 INFO [main] org.apache.catalina.startup.VersionLoggerListener.log Command line argument: --add-opens=java.base/java.util.concurrent=ALL-UNNAMED
29-May-2026 22:58:34.651 INFO [main] org.apache.catalina.startup.VersionLoggerListener.log Command line argument: --add-opens=java.rmi/sun.rmi.transport=ALL-UNNAMED
29-May-2026 22:58:34.651 INFO [main] org.apache.catalina.startup.VersionLoggerListener.log Command line argument: -Djava.util.logging.config.file=C:\Users\Candra Hermawansah\Downloads\TaskManager\TaskManager\tomcat\apache-tomcat-9.0.98\conf\logging.properties
29-May-2026 22:58:34.651 INFO [main] org.apache.catalina.startup.VersionLoggerListener.log Command line argument: -Djava.util.logging.manager=org.apache.juli.ClassLoaderLogManager
29-May-2026 22:58:34.651 INFO [main] org.apache.catalina.startup.VersionLoggerListener.log Command line argument: -Djdk.tls.ephemeralDHKeySize=2048
29-May-2026 22:58:34.652 INFO [main] org.apache.catalina.startup.VersionLoggerListener.log Command line argument: -Djava.protocol.handler.pkgs=org.apache.catalina.webresources
29-May-2026 22:58:34.652 INFO [main] org.apache.catalina.startup.VersionLoggerListener.log Command line argument: -Dignore.endorsed.dirs=
29-May-2026 22:58:34.652 INFO [main] org.apache.catalina.startup.VersionLoggerListener.log Command line argument: -Dcatalina.base=C:\Users\Candra Hermawansah\Downloads\TaskManager\TaskManager\tomcat\apache-tomcat-9.0.98
29-May-2026 22:58:34.652 INFO [main] org.apache.catalina.startup.VersionLoggerListener.log Command line argument: -Dcatalina.home=C:\Users\Candra Hermawansah\Downloads\TaskManager\TaskManager\tomcat\apache-tomcat-9.0.98
29-May-2026 22:58:34.652 INFO [main] org.apache.catalina.startup.VersionLoggerListener.log Command line argument: -Djava.io.tmpdir=C:\Users\Candra Hermawansah\Downloads\TaskManager\TaskManager\tomcat\apache-tomcat-9.0.98\temp
29-May-2026 22:58:34.658 INFO [main] org.apache.catalina.core.AprLifecycleListener.lifecycleEvent Loaded Apache Tomcat Native library [1.3.1] using APR version [1.7.4].
29-May-2026 22:58:34.658 INFO [main] org.apache.catalina.core.AprLifecycleListener.lifecycleEvent APR capabilities: IPv6 [true], sendfile [true], accept filters [false], random [true], UDS [true].
29-May-2026 22:58:34.658 INFO [main] org.apache.catalina.core.AprLifecycleListener.lifecycleEvent APR/OpenSSL configuration: useAprConnector [false], useOpenSSL [true]
29-May-2026 22:58:34.666 INFO [main] org.apache.catalina.core.AprLifecycleListener.initializeSSL OpenSSL successfully initialized [OpenSSL 3.0.14 4 Jun 2024]
29-May-2026 22:58:35.134 INFO [main] org.apache.coyote.AbstractProtocol.init Initializing ProtocolHandler ["http-nio-8082"]
29-May-2026 22:58:35.174 INFO [main] org.apache.catalina.startup.Catalina.load Server initialization in [801] milliseconds
29-May-2026 22:58:35.242 INFO [main] org.apache.catalina.core.StandardService.startInternal Starting service [Catalina]
29-May-2026 22:58:35.242 INFO [main] org.apache.catalina.core.StandardEngine.startInternal Starting Servlet engine: [Apache Tomcat/9.0.98]
29-May-2026 22:58:35.258 INFO [main] org.apache.catalina.startup.HostConfig.deployDirectory Deploying web application directory [C:\Users\Candra Hermawansah\Downloads\TaskManager\TaskManager\tomcat\apache-tomcat-9.0.98\webapps\docs]
29-May-2026 22:58:35.718 INFO [main] org.apache.catalina.startup.HostConfig.deployDirectory Deployment of web application directory [C:\Users\Candra Hermawansah\Downloads\TaskManager\TaskManager\tomcat\apache-tomcat-9.0.98\webapps\docs] has finished in [459] ms
29-May-2026 22:58:35.719 INFO [main] org.apache.catalina.startup.HostConfig.deployDirectory Deploying web application directory [C:\Users\Candra Hermawansah\Downloads\TaskManager\TaskManager\tomcat\apache-tomcat-9.0.98\webapps\examples]
29-May-2026 22:58:36.386 INFO [main] org.apache.catalina.startup.HostConfig.deployDirectory Deployment of web application directory [C:\Users\Candra Hermawansah\Downloads\TaskManager\TaskManager\tomcat\apache-tomcat-9.0.98\webapps\examples] has finished in [667] ms
29-May-2026 22:58:36.387 INFO [main] org.apache.catalina.startup.HostConfig.deployDirectory Deploying web application directory [C:\Users\Candra Hermawansah\Downloads\TaskManager\TaskManager\tomcat\apache-tomcat-9.0.98\webapps\host-manager]
29-May-2026 22:58:36.451 INFO [main] org.apache.catalina.startup.HostConfig.deployDirectory Deployment of web application directory [C:\Users\Candra Hermawansah\Downloads\TaskManager\TaskManager\tomcat\apache-tomcat-9.0.98\webapps\host-manager] has finished in [64] ms
29-May-2026 22:58:36.451 INFO [main] org.apache.catalina.startup.HostConfig.deployDirectory Deploying web application directory [C:\Users\Candra Hermawansah\Downloads\TaskManager\TaskManager\tomcat\apache-tomcat-9.0.98\webapps\manager]
29-May-2026 22:58:36.505 INFO [main] org.apache.catalina.startup.HostConfig.deployDirectory Deployment of web application directory [C:\Users\Candra Hermawansah\Downloads\TaskManager\TaskManager\tomcat\apache-tomcat-9.0.98\webapps\manager] has finished in [53] ms
29-May-2026 22:58:36.505 INFO [main] org.apache.catalina.startup.HostConfig.deployDirectory Deploying web application directory [C:\Users\Candra Hermawansah\Downloads\TaskManager\TaskManager\tomcat\apache-tomcat-9.0.98\webapps\ROOT]
29-May-2026 22:58:37.007 INFO [main] org.apache.jasper.servlet.TldScanner.scanJars At least one JAR was scanned for TLDs yet contained no TLDs. Enable debug logging for this logger for a complete list of JARs that were scanned but no TLDs were found in them. Skipping unneeded JARs during scanning can improve startup time and JSP compilation time.
29-May-2026 22:58:37.021 INFO [main] org.apache.catalina.startup.HostConfig.deployDirectory Deployment of web application directory [C:\Users\Candra Hermawansah\Downloads\TaskManager\TaskManager\tomcat\apache-tomcat-9.0.98\webapps\ROOT] has finished in [516] ms
29-May-2026 22:58:37.026 INFO [main] org.apache.coyote.AbstractProtocol.start Starting ProtocolHandler ["http-nio-8082"]
29-May-2026 22:58:37.063 INFO [main] org.apache.catalina.startup.Catalina.start Server startup in [1886] milliseconds
29-May-2026 23:28:10.573 INFO [main] org.apache.catalina.startup.VersionLoggerListener.log Server version name:   Apache Tomcat/9.0.98
29-May-2026 23:28:10.579 INFO [main] org.apache.catalina.startup.VersionLoggerListener.log Server built:          Dec 5 2024 19:50:29 UTC
29-May-2026 23:28:10.579 INFO [main] org.apache.catalina.startup.VersionLoggerListener.log Server version number: 9.0.98.0
29-May-2026 23:28:10.579 INFO [main] org.apache.catalina.startup.VersionLoggerListener.log OS Name:               Windows 11
29-May-2026 23:28:10.579 INFO [main] org.apache.catalina.startup.VersionLoggerListener.log OS Version:            10.0
29-May-2026 23:28:10.579 INFO [main] org.apache.catalina.startup.VersionLoggerListener.log Architecture:          amd64
29-May-2026 23:28:10.580 INFO [main] org.apache.catalina.startup.VersionLoggerListener.log Java Home:             C:\Program Files\Java\jdk-23
29-May-2026 23:28:10.580 INFO [main] org.apache.catalina.startup.VersionLoggerListener.log JVM Version:           23.0.1+11-39
29-May-2026 23:28:10.580 INFO [main] org.apache.catalina.startup.VersionLoggerListener.log JVM Vendor:            Oracle Corporation
29-May-2026 23:28:10.580 INFO [main] org.apache.catalina.startup.VersionLoggerListener.log CATALINA_BASE:         C:\Users\Candra Hermawansah\Downloads\TaskManager\TaskManager\tomcat\apache-tomcat-9.0.98
29-May-2026 23:28:10.580 INFO [main] org.apache.catalina.startup.VersionLoggerListener.log CATALINA_HOME:         C:\Users\Candra Hermawansah\Downloads\TaskManager\TaskManager\tomcat\apache-tomcat-9.0.98
29-May-2026 23:28:10.595 INFO [main] org.apache.catalina.startup.VersionLoggerListener.log Command line argument: --add-opens=java.base/java.lang=ALL-UNNAMED
29-May-2026 23:28:10.596 INFO [main] org.apache.catalina.startup.VersionLoggerListener.log Command line argument: --add-opens=java.base/java.io=ALL-UNNAMED
29-May-2026 23:28:10.596 INFO [main] org.apache.catalina.startup.VersionLoggerListener.log Command line argument: --add-opens=java.base/java.util=ALL-UNNAMED
29-May-2026 23:28:10.596 INFO [main] org.apache.catalina.startup.VersionLoggerListener.log Command line argument: --add-opens=java.base/java.util.concurrent=ALL-UNNAMED
29-May-2026 23:28:10.596 INFO [main] org.apache.catalina.startup.VersionLoggerListener.log Command line argument: --add-opens=java.rmi/sun.rmi.transport=ALL-UNNAMED
29-May-2026 23:28:10.596 INFO [main] org.apache.catalina.startup.VersionLoggerListener.log Command line argument: -Djava.util.logging.config.file=C:\Users\Candra Hermawansah\Downloads\TaskManager\TaskManager\tomcat\apache-tomcat-9.0.98\conf\logging.properties
29-May-2026 23:28:10.596 INFO [main] org.apache.catalina.startup.VersionLoggerListener.log Command line argument: -Djava.util.logging.manager=org.apache.juli.ClassLoaderLogManager
29-May-2026 23:28:10.596 INFO [main] org.apache.catalina.startup.VersionLoggerListener.log Command line argument: -Djdk.tls.ephemeralDHKeySize=2048
29-May-2026 23:28:10.596 INFO [main] org.apache.catalina.startup.VersionLoggerListener.log Command line argument: -Djava.protocol.handler.pkgs=org.apache.catalina.webresources
29-May-2026 23:28:10.596 INFO [main] org.apache.catalina.startup.VersionLoggerListener.log Command line argument: -Dignore.endorsed.dirs=
29-May-2026 23:28:10.597 INFO [main] org.apache.catalina.startup.VersionLoggerListener.log Command line argument: -Dcatalina.base=C:\Users\Candra Hermawansah\Downloads\TaskManager\TaskManager\tomcat\apache-tomcat-9.0.98
29-May-2026 23:28:10.597 INFO [main] org.apache.catalina.startup.VersionLoggerListener.log Command line argument: -Dcatalina.home=C:\Users\Candra Hermawansah\Downloads\TaskManager\TaskManager\tomcat\apache-tomcat-9.0.98
29-May-2026 23:28:10.597 INFO [main] org.apache.catalina.startup.VersionLoggerListener.log Command line argument: -Djava.io.tmpdir=C:\Users\Candra Hermawansah\Downloads\TaskManager\TaskManager\tomcat\apache-tomcat-9.0.98\temp
29-May-2026 23:28:10.603 INFO [main] org.apache.catalina.core.AprLifecycleListener.lifecycleEvent Loaded Apache Tomcat Native library [1.3.1] using APR version [1.7.4].
29-May-2026 23:28:10.603 INFO [main] org.apache.catalina.core.AprLifecycleListener.lifecycleEvent APR capabilities: IPv6 [true], sendfile [true], accept filters [false], random [true], UDS [true].
29-May-2026 23:28:10.603 INFO [main] org.apache.catalina.core.AprLifecycleListener.lifecycleEvent APR/OpenSSL configuration: useAprConnector [false], useOpenSSL [true]
29-May-2026 23:28:10.611 INFO [main] org.apache.catalina.core.AprLifecycleListener.initializeSSL OpenSSL successfully initialized [OpenSSL 3.0.14 4 Jun 2024]
29-May-2026 23:28:11.082 INFO [main] org.apache.coyote.AbstractProtocol.init Initializing ProtocolHandler ["http-nio-8082"]
29-May-2026 23:28:11.114 INFO [main] org.apache.catalina.startup.Catalina.load Server initialization in [817] milliseconds
29-May-2026 23:28:11.176 INFO [main] org.apache.catalina.core.StandardService.startInternal Starting service [Catalina]
29-May-2026 23:28:11.177 INFO [main] org.apache.catalina.core.StandardEngine.startInternal Starting Servlet engine: [Apache Tomcat/9.0.98]
29-May-2026 23:28:11.190 INFO [main] org.apache.catalina.startup.HostConfig.deployDirectory Deploying web application directory [C:\Users\Candra Hermawansah\Downloads\TaskManager\TaskManager\tomcat\apache-tomcat-9.0.98\webapps\docs]
29-May-2026 23:28:11.612 INFO [main] org.apache.catalina.startup.HostConfig.deployDirectory Deployment of web application directory [C:\Users\Candra Hermawansah\Downloads\TaskManager\TaskManager\tomcat\apache-tomcat-9.0.98\webapps\docs] has finished in [422] ms
29-May-2026 23:28:11.614 INFO [main] org.apache.catalina.startup.HostConfig.deployDirectory Deploying web application directory [C:\Users\Candra Hermawansah\Downloads\TaskManager\TaskManager\tomcat\apache-tomcat-9.0.98\webapps\examples]
29-May-2026 23:28:12.306 INFO [main] org.apache.catalina.startup.HostConfig.deployDirectory Deployment of web application directory [C:\Users\Candra Hermawansah\Downloads\TaskManager\TaskManager\tomcat\apache-tomcat-9.0.98\webapps\examples] has finished in [692] ms
29-May-2026 23:28:12.307 INFO [main] org.apache.catalina.startup.HostConfig.deployDirectory Deploying web application directory [C:\Users\Candra Hermawansah\Downloads\TaskManager\TaskManager\tomcat\apache-tomcat-9.0.98\webapps\host-manager]
29-May-2026 23:28:12.369 INFO [main] org.apache.catalina.startup.HostConfig.deployDirectory Deployment of web application directory [C:\Users\Candra Hermawansah\Downloads\TaskManager\TaskManager\tomcat\apache-tomcat-9.0.98\webapps\host-manager] has finished in [62] ms
29-May-2026 23:28:12.369 INFO [main] org.apache.catalina.startup.HostConfig.deployDirectory Deploying web application directory [C:\Users\Candra Hermawansah\Downloads\TaskManager\TaskManager\tomcat\apache-tomcat-9.0.98\webapps\manager]
29-May-2026 23:28:12.425 INFO [main] org.apache.catalina.startup.HostConfig.deployDirectory Deployment of web application directory [C:\Users\Candra Hermawansah\Downloads\TaskManager\TaskManager\tomcat\apache-tomcat-9.0.98\webapps\manager] has finished in [56] ms
29-May-2026 23:28:12.426 INFO [main] org.apache.catalina.startup.HostConfig.deployDirectory Deploying web application directory [C:\Users\Candra Hermawansah\Downloads\TaskManager\TaskManager\tomcat\apache-tomcat-9.0.98\webapps\ROOT]
29-May-2026 23:28:13.017 INFO [main] org.apache.jasper.servlet.TldScanner.scanJars At least one JAR was scanned for TLDs yet contained no TLDs. Enable debug logging for this logger for a complete list of JARs that were scanned but no TLDs were found in them. Skipping unneeded JARs during scanning can improve startup time and JSP compilation time.
29-May-2026 23:28:13.029 INFO [main] org.apache.catalina.startup.HostConfig.deployDirectory Deployment of web application directory [C:\Users\Candra Hermawansah\Downloads\TaskManager\TaskManager\tomcat\apache-tomcat-9.0.98\webapps\ROOT] has finished in [603] ms
29-May-2026 23:28:13.037 INFO [main] org.apache.coyote.AbstractProtocol.start Starting ProtocolHandler ["http-nio-8082"]
29-May-2026 23:28:13.082 INFO [main] org.apache.catalina.startup.Catalina.start Server startup in [1965] milliseconds
