31-May-2026 10:44:38.568 INFO [main] org.apache.catalina.startup.VersionLoggerListener.log Server version name:   Apache Tomcat/9.0.98
31-May-2026 10:44:38.575 INFO [main] org.apache.catalina.startup.VersionLoggerListener.log Server built:          Dec 5 2024 19:50:29 UTC
31-May-2026 10:44:38.575 INFO [main] org.apache.catalina.startup.VersionLoggerListener.log Server version number: 9.0.98.0
31-May-2026 10:44:38.575 INFO [main] org.apache.catalina.startup.VersionLoggerListener.log OS Name:               Windows 11
31-May-2026 10:44:38.575 INFO [main] org.apache.catalina.startup.VersionLoggerListener.log OS Version:            10.0
31-May-2026 10:44:38.576 INFO [main] org.apache.catalina.startup.VersionLoggerListener.log Architecture:          amd64
31-May-2026 10:44:38.576 INFO [main] org.apache.catalina.startup.VersionLoggerListener.log Java Home:             C:\Program Files\Java\jdk-23
31-May-2026 10:44:38.576 INFO [main] org.apache.catalina.startup.VersionLoggerListener.log JVM Version:           23.0.1+11-39
31-May-2026 10:44:38.576 INFO [main] org.apache.catalina.startup.VersionLoggerListener.log JVM Vendor:            Oracle Corporation
31-May-2026 10:44:38.576 INFO [main] org.apache.catalina.startup.VersionLoggerListener.log CATALINA_BASE:         C:\Users\Candra Hermawansah\Downloads\TaskManager\TaskManager\tomcat\apache-tomcat-9.0.98
31-May-2026 10:44:38.576 INFO [main] org.apache.catalina.startup.VersionLoggerListener.log CATALINA_HOME:         C:\Users\Candra Hermawansah\Downloads\TaskManager\TaskManager\tomcat\apache-tomcat-9.0.98
31-May-2026 10:44:38.590 INFO [main] org.apache.catalina.startup.VersionLoggerListener.log Command line argument: --add-opens=java.base/java.lang=ALL-UNNAMED
31-May-2026 10:44:38.590 INFO [main] org.apache.catalina.startup.VersionLoggerListener.log Command line argument: --add-opens=java.base/java.io=ALL-UNNAMED
31-May-2026 10:44:38.590 INFO [main] org.apache.catalina.startup.VersionLoggerListener.log Command line argument: --add-opens=java.base/java.util=ALL-UNNAMED
31-May-2026 10:44:38.590 INFO [main] org.apache.catalina.startup.VersionLoggerListener.log Command line argument: --add-opens=java.base/java.util.concurrent=ALL-UNNAMED
31-May-2026 10:44:38.590 INFO [main] org.apache.catalina.startup.VersionLoggerListener.log Command line argument: --add-opens=java.rmi/sun.rmi.transport=ALL-UNNAMED
31-May-2026 10:44:38.590 INFO [main] org.apache.catalina.startup.VersionLoggerListener.log Command line argument: -Djava.util.logging.config.file=c:\Users\Candra Hermawansah\Downloads\TaskManager\TaskManager\tomcat\apache-tomcat-9.0.98\conf\logging.properties
31-May-2026 10:44:38.591 INFO [main] org.apache.catalina.startup.VersionLoggerListener.log Command line argument: -Djava.util.logging.manager=org.apache.juli.ClassLoaderLogManager
31-May-2026 10:44:38.591 INFO [main] org.apache.catalina.startup.VersionLoggerListener.log Command line argument: -Djdk.tls.ephemeralDHKeySize=2048
31-May-2026 10:44:38.592 INFO [main] org.apache.catalina.startup.VersionLoggerListener.log Command line argument: -Djava.protocol.handler.pkgs=org.apache.catalina.webresources
31-May-2026 10:44:38.592 INFO [main] org.apache.catalina.startup.VersionLoggerListener.log Command line argument: -Dignore.endorsed.dirs=
31-May-2026 10:44:38.593 INFO [main] org.apache.catalina.startup.VersionLoggerListener.log Command line argument: -Dcatalina.base=c:\Users\Candra Hermawansah\Downloads\TaskManager\TaskManager\tomcat\apache-tomcat-9.0.98
31-May-2026 10:44:38.593 INFO [main] org.apache.catalina.startup.VersionLoggerListener.log Command line argument: -Dcatalina.home=c:\Users\Candra Hermawansah\Downloads\TaskManager\TaskManager\tomcat\apache-tomcat-9.0.98
31-May-2026 10:44:38.593 INFO [main] org.apache.catalina.startup.VersionLoggerListener.log Command line argument: -Djava.io.tmpdir=c:\Users\Candra Hermawansah\Downloads\TaskManager\TaskManager\tomcat\apache-tomcat-9.0.98\temp
31-May-2026 10:44:38.603 INFO [main] org.apache.catalina.core.AprLifecycleListener.lifecycleEvent Loaded Apache Tomcat Native library [1.3.1] using APR version [1.7.4].
31-May-2026 10:44:38.603 INFO [main] org.apache.catalina.core.AprLifecycleListener.lifecycleEvent APR capabilities: IPv6 [true], sendfile [true], accept filters [false], random [true], UDS [true].
31-May-2026 10:44:38.603 INFO [main] org.apache.catalina.core.AprLifecycleListener.lifecycleEvent APR/OpenSSL configuration: useAprConnector [false], useOpenSSL [true]
31-May-2026 10:44:38.630 INFO [main] org.apache.catalina.core.AprLifecycleListener.initializeSSL OpenSSL successfully initialized [OpenSSL 3.0.14 4 Jun 2024]
31-May-2026 10:44:39.144 INFO [main] org.apache.coyote.AbstractProtocol.init Initializing ProtocolHandler ["http-nio-8082"]
31-May-2026 10:44:39.176 INFO [main] org.apache.catalina.startup.Catalina.load Server initialization in [907] milliseconds
31-May-2026 10:44:39.273 INFO [main] org.apache.catalina.core.StandardService.startInternal Starting service [Catalina]
31-May-2026 10:44:39.275 INFO [main] org.apache.catalina.core.StandardEngine.startInternal Starting Servlet engine: [Apache Tomcat/9.0.98]
31-May-2026 10:44:39.291 INFO [main] org.apache.catalina.startup.HostConfig.deployDirectory Deploying web application directory [C:\Users\Candra Hermawansah\Downloads\TaskManager\TaskManager\tomcat\apache-tomcat-9.0.98\webapps\docs]
31-May-2026 10:44:39.718 INFO [main] org.apache.catalina.startup.HostConfig.deployDirectory Deployment of web application directory [C:\Users\Candra Hermawansah\Downloads\TaskManager\TaskManager\tomcat\apache-tomcat-9.0.98\webapps\docs] has finished in [427] ms
31-May-2026 10:44:39.720 INFO [main] org.apache.catalina.startup.HostConfig.deployDirectory Deploying web application directory [C:\Users\Candra Hermawansah\Downloads\TaskManager\TaskManager\tomcat\apache-tomcat-9.0.98\webapps\examples]
31-May-2026 10:44:40.516 INFO [main] org.apache.catalina.startup.HostConfig.deployDirectory Deployment of web application directory [C:\Users\Candra Hermawansah\Downloads\TaskManager\TaskManager\tomcat\apache-tomcat-9.0.98\webapps\examples] has finished in [796] ms
31-May-2026 10:44:40.516 INFO [main] org.apache.catalina.startup.HostConfig.deployDirectory Deploying web application directory [C:\Users\Candra Hermawansah\Downloads\TaskManager\TaskManager\tomcat\apache-tomcat-9.0.98\webapps\host-manager]
31-May-2026 10:44:40.623 INFO [main] org.apache.catalina.startup.HostConfig.deployDirectory Deployment of web application directory [C:\Users\Candra Hermawansah\Downloads\TaskManager\TaskManager\tomcat\apache-tomcat-9.0.98\webapps\host-manager] has finished in [107] ms
31-May-2026 10:44:40.624 INFO [main] org.apache.catalina.startup.HostConfig.deployDirectory Deploying web application directory [C:\Users\Candra Hermawansah\Downloads\TaskManager\TaskManager\tomcat\apache-tomcat-9.0.98\webapps\manager]
31-May-2026 10:44:40.692 INFO [main] org.apache.catalina.startup.HostConfig.deployDirectory Deployment of web application directory [C:\Users\Candra Hermawansah\Downloads\TaskManager\TaskManager\tomcat\apache-tomcat-9.0.98\webapps\manager] has finished in [68] ms
31-May-2026 10:44:40.692 INFO [main] org.apache.catalina.startup.HostConfig.deployDirectory Deploying web application directory [C:\Users\Candra Hermawansah\Downloads\TaskManager\TaskManager\tomcat\apache-tomcat-9.0.98\webapps\ROOT]
31-May-2026 10:44:41.166 INFO [main] org.apache.jasper.servlet.TldScanner.scanJars At least one JAR was scanned for TLDs yet contained no TLDs. Enable debug logging for this logger for a complete list of JARs that were scanned but no TLDs were found in them. Skipping unneeded JARs during scanning can improve startup time and JSP compilation time.
31-May-2026 10:44:41.179 INFO [main] org.apache.catalina.startup.HostConfig.deployDirectory Deployment of web application directory [C:\Users\Candra Hermawansah\Downloads\TaskManager\TaskManager\tomcat\apache-tomcat-9.0.98\webapps\ROOT] has finished in [486] ms
31-May-2026 10:44:41.185 INFO [main] org.apache.coyote.AbstractProtocol.start Starting ProtocolHandler ["http-nio-8082"]
31-May-2026 10:44:41.224 INFO [main] org.apache.catalina.startup.Catalina.start Server startup in [2045] milliseconds
