28-May-2026 23:21:00.921 INFO [main] org.apache.catalina.startup.VersionLoggerListener.log Server version name:   Apache Tomcat/9.0.98
28-May-2026 23:21:00.929 INFO [main] org.apache.catalina.startup.VersionLoggerListener.log Server built:          Dec 5 2024 19:50:29 UTC
28-May-2026 23:21:00.930 INFO [main] org.apache.catalina.startup.VersionLoggerListener.log Server version number: 9.0.98.0
28-May-2026 23:21:00.930 INFO [main] org.apache.catalina.startup.VersionLoggerListener.log OS Name:               Windows 11
28-May-2026 23:21:00.930 INFO [main] org.apache.catalina.startup.VersionLoggerListener.log OS Version:            10.0
28-May-2026 23:21:00.930 INFO [main] org.apache.catalina.startup.VersionLoggerListener.log Architecture:          amd64
28-May-2026 23:21:00.931 INFO [main] org.apache.catalina.startup.VersionLoggerListener.log Java Home:             C:\Program Files\Java\jdk-23
28-May-2026 23:21:00.931 INFO [main] org.apache.catalina.startup.VersionLoggerListener.log JVM Version:           23.0.1+11-39
28-May-2026 23:21:00.931 INFO [main] org.apache.catalina.startup.VersionLoggerListener.log JVM Vendor:            Oracle Corporation
28-May-2026 23:21:00.931 INFO [main] org.apache.catalina.startup.VersionLoggerListener.log CATALINA_BASE:         C:\Users\Candra Hermawansah\Downloads\TaskManager\TaskManager\tomcat\apache-tomcat-9.0.98
28-May-2026 23:21:00.931 INFO [main] org.apache.catalina.startup.VersionLoggerListener.log CATALINA_HOME:         C:\Users\Candra Hermawansah\Downloads\TaskManager\TaskManager\tomcat\apache-tomcat-9.0.98
28-May-2026 23:21:00.957 INFO [main] org.apache.catalina.startup.VersionLoggerListener.log Command line argument: --add-opens=java.base/java.lang=ALL-UNNAMED
28-May-2026 23:21:00.958 INFO [main] org.apache.catalina.startup.VersionLoggerListener.log Command line argument: --add-opens=java.base/java.io=ALL-UNNAMED
28-May-2026 23:21:00.958 INFO [main] org.apache.catalina.startup.VersionLoggerListener.log Command line argument: --add-opens=java.base/java.util=ALL-UNNAMED
28-May-2026 23:21:00.958 INFO [main] org.apache.catalina.startup.VersionLoggerListener.log Command line argument: --add-opens=java.base/java.util.concurrent=ALL-UNNAMED
28-May-2026 23:21:00.958 INFO [main] org.apache.catalina.startup.VersionLoggerListener.log Command line argument: --add-opens=java.rmi/sun.rmi.transport=ALL-UNNAMED
28-May-2026 23:21:00.958 INFO [main] org.apache.catalina.startup.VersionLoggerListener.log Command line argument: -Djava.util.logging.config.file=C:\Users\Candra Hermawansah\Downloads\TaskManager\TaskManager\tomcat\apache-tomcat-9.0.98\conf\logging.properties
28-May-2026 23:21:00.958 INFO [main] org.apache.catalina.startup.VersionLoggerListener.log Command line argument: -Djava.util.logging.manager=org.apache.juli.ClassLoaderLogManager
28-May-2026 23:21:00.958 INFO [main] org.apache.catalina.startup.VersionLoggerListener.log Command line argument: -Djdk.tls.ephemeralDHKeySize=2048
28-May-2026 23:21:00.958 INFO [main] org.apache.catalina.startup.VersionLoggerListener.log Command line argument: -Djava.protocol.handler.pkgs=org.apache.catalina.webresources
28-May-2026 23:21:00.959 INFO [main] org.apache.catalina.startup.VersionLoggerListener.log Command line argument: -Dignore.endorsed.dirs=
28-May-2026 23:21:00.959 INFO [main] org.apache.catalina.startup.VersionLoggerListener.log Command line argument: -Dcatalina.base=C:\Users\Candra Hermawansah\Downloads\TaskManager\TaskManager\tomcat\apache-tomcat-9.0.98
28-May-2026 23:21:00.959 INFO [main] org.apache.catalina.startup.VersionLoggerListener.log Command line argument: -Dcatalina.home=C:\Users\Candra Hermawansah\Downloads\TaskManager\TaskManager\tomcat\apache-tomcat-9.0.98
28-May-2026 23:21:00.959 INFO [main] org.apache.catalina.startup.VersionLoggerListener.log Command line argument: -Djava.io.tmpdir=C:\Users\Candra Hermawansah\Downloads\TaskManager\TaskManager\tomcat\apache-tomcat-9.0.98\temp
28-May-2026 23:21:00.966 INFO [main] org.apache.catalina.core.AprLifecycleListener.lifecycleEvent Loaded Apache Tomcat Native library [1.3.1] using APR version [1.7.4].
28-May-2026 23:21:00.966 INFO [main] org.apache.catalina.core.AprLifecycleListener.lifecycleEvent APR capabilities: IPv6 [true], sendfile [true], accept filters [false], random [true], UDS [true].
28-May-2026 23:21:00.966 INFO [main] org.apache.catalina.core.AprLifecycleListener.lifecycleEvent APR/OpenSSL configuration: useAprConnector [false], useOpenSSL [true]
28-May-2026 23:21:00.976 INFO [main] org.apache.catalina.core.AprLifecycleListener.initializeSSL OpenSSL successfully initialized [OpenSSL 3.0.14 4 Jun 2024]
28-May-2026 23:21:01.678 INFO [main] org.apache.coyote.AbstractProtocol.init Initializing ProtocolHandler ["http-nio-8082"]
28-May-2026 23:21:01.721 INFO [main] org.apache.catalina.startup.Catalina.load Server initialization in [1193] milliseconds
28-May-2026 23:21:01.803 INFO [main] org.apache.catalina.core.StandardService.startInternal Starting service [Catalina]
28-May-2026 23:21:01.804 INFO [main] org.apache.catalina.core.StandardEngine.startInternal Starting Servlet engine: [Apache Tomcat/9.0.98]
28-May-2026 23:21:01.819 INFO [main] org.apache.catalina.startup.HostConfig.deployDirectory Deploying web application directory [C:\Users\Candra Hermawansah\Downloads\TaskManager\TaskManager\tomcat\apache-tomcat-9.0.98\webapps\docs]
28-May-2026 23:21:02.391 INFO [main] org.apache.catalina.startup.HostConfig.deployDirectory Deployment of web application directory [C:\Users\Candra Hermawansah\Downloads\TaskManager\TaskManager\tomcat\apache-tomcat-9.0.98\webapps\docs] has finished in [571] ms
28-May-2026 23:21:02.392 INFO [main] org.apache.catalina.startup.HostConfig.deployDirectory Deploying web application directory [C:\Users\Candra Hermawansah\Downloads\TaskManager\TaskManager\tomcat\apache-tomcat-9.0.98\webapps\examples]
28-May-2026 23:21:03.211 INFO [main] org.apache.catalina.startup.HostConfig.deployDirectory Deployment of web application directory [C:\Users\Candra Hermawansah\Downloads\TaskManager\TaskManager\tomcat\apache-tomcat-9.0.98\webapps\examples] has finished in [819] ms
28-May-2026 23:21:03.213 INFO [main] org.apache.catalina.startup.HostConfig.deployDirectory Deploying web application directory [C:\Users\Candra Hermawansah\Downloads\TaskManager\TaskManager\tomcat\apache-tomcat-9.0.98\webapps\host-manager]
28-May-2026 23:21:03.283 INFO [main] org.apache.catalina.startup.HostConfig.deployDirectory Deployment of web application directory [C:\Users\Candra Hermawansah\Downloads\TaskManager\TaskManager\tomcat\apache-tomcat-9.0.98\webapps\host-manager] has finished in [70] ms
28-May-2026 23:21:03.283 INFO [main] org.apache.catalina.startup.HostConfig.deployDirectory Deploying web application directory [C:\Users\Candra Hermawansah\Downloads\TaskManager\TaskManager\tomcat\apache-tomcat-9.0.98\webapps\manager]
28-May-2026 23:21:03.346 INFO [main] org.apache.catalina.startup.HostConfig.deployDirectory Deployment of web application directory [C:\Users\Candra Hermawansah\Downloads\TaskManager\TaskManager\tomcat\apache-tomcat-9.0.98\webapps\manager] has finished in [63] ms
28-May-2026 23:21:03.347 INFO [main] org.apache.catalina.startup.HostConfig.deployDirectory Deploying web application directory [C:\Users\Candra Hermawansah\Downloads\TaskManager\TaskManager\tomcat\apache-tomcat-9.0.98\webapps\ROOT]
28-May-2026 23:21:03.981 INFO [main] org.apache.jasper.servlet.TldScanner.scanJars At least one JAR was scanned for TLDs yet contained no TLDs. Enable debug logging for this logger for a complete list of JARs that were scanned but no TLDs were found in them. Skipping unneeded JARs during scanning can improve startup time and JSP compilation time.
28-May-2026 23:21:03.995 INFO [main] org.apache.catalina.startup.HostConfig.deployDirectory Deployment of web application directory [C:\Users\Candra Hermawansah\Downloads\TaskManager\TaskManager\tomcat\apache-tomcat-9.0.98\webapps\ROOT] has finished in [648] ms
28-May-2026 23:21:04.002 INFO [main] org.apache.coyote.AbstractProtocol.start Starting ProtocolHandler ["http-nio-8082"]
28-May-2026 23:21:04.045 INFO [main] org.apache.catalina.startup.Catalina.start Server startup in [2322] milliseconds
28-May-2026 23:33:10.722 INFO [main] org.apache.catalina.startup.VersionLoggerListener.log Server version name:   Apache Tomcat/9.0.98
28-May-2026 23:33:10.729 INFO [main] org.apache.catalina.startup.VersionLoggerListener.log Server built:          Dec 5 2024 19:50:29 UTC
28-May-2026 23:33:10.730 INFO [main] org.apache.catalina.startup.VersionLoggerListener.log Server version number: 9.0.98.0
28-May-2026 23:33:10.730 INFO [main] org.apache.catalina.startup.VersionLoggerListener.log OS Name:               Windows 11
28-May-2026 23:33:10.730 INFO [main] org.apache.catalina.startup.VersionLoggerListener.log OS Version:            10.0
28-May-2026 23:33:10.730 INFO [main] org.apache.catalina.startup.VersionLoggerListener.log Architecture:          amd64
28-May-2026 23:33:10.730 INFO [main] org.apache.catalina.startup.VersionLoggerListener.log Java Home:             C:\Program Files\Java\jdk-23
28-May-2026 23:33:10.731 INFO [main] org.apache.catalina.startup.VersionLoggerListener.log JVM Version:           23.0.1+11-39
28-May-2026 23:33:10.731 INFO [main] org.apache.catalina.startup.VersionLoggerListener.log JVM Vendor:            Oracle Corporation
28-May-2026 23:33:10.731 INFO [main] org.apache.catalina.startup.VersionLoggerListener.log CATALINA_BASE:         C:\Users\Candra Hermawansah\Downloads\TaskManager\TaskManager\tomcat\apache-tomcat-9.0.98
28-May-2026 23:33:10.731 INFO [main] org.apache.catalina.startup.VersionLoggerListener.log CATALINA_HOME:         C:\Users\Candra Hermawansah\Downloads\TaskManager\TaskManager\tomcat\apache-tomcat-9.0.98
28-May-2026 23:33:10.747 INFO [main] org.apache.catalina.startup.VersionLoggerListener.log Command line argument: --add-opens=java.base/java.lang=ALL-UNNAMED
28-May-2026 23:33:10.747 INFO [main] org.apache.catalina.startup.VersionLoggerListener.log Command line argument: --add-opens=java.base/java.io=ALL-UNNAMED
28-May-2026 23:33:10.748 INFO [main] org.apache.catalina.startup.VersionLoggerListener.log Command line argument: --add-opens=java.base/java.util=ALL-UNNAMED
28-May-2026 23:33:10.748 INFO [main] org.apache.catalina.startup.VersionLoggerListener.log Command line argument: --add-opens=java.base/java.util.concurrent=ALL-UNNAMED
28-May-2026 23:33:10.748 INFO [main] org.apache.catalina.startup.VersionLoggerListener.log Command line argument: --add-opens=java.rmi/sun.rmi.transport=ALL-UNNAMED
28-May-2026 23:33:10.748 INFO [main] org.apache.catalina.startup.VersionLoggerListener.log Command line argument: -Djava.util.logging.config.file=C:\Users\Candra Hermawansah\Downloads\TaskManager\TaskManager\tomcat\apache-tomcat-9.0.98\conf\logging.properties
28-May-2026 23:33:10.749 INFO [main] org.apache.catalina.startup.VersionLoggerListener.log Command line argument: -Djava.util.logging.manager=org.apache.juli.ClassLoaderLogManager
28-May-2026 23:33:10.749 INFO [main] org.apache.catalina.startup.VersionLoggerListener.log Command line argument: -Djdk.tls.ephemeralDHKeySize=2048
28-May-2026 23:33:10.749 INFO [main] org.apache.catalina.startup.VersionLoggerListener.log Command line argument: -Djava.protocol.handler.pkgs=org.apache.catalina.webresources
28-May-2026 23:33:10.749 INFO [main] org.apache.catalina.startup.VersionLoggerListener.log Command line argument: -Dignore.endorsed.dirs=
28-May-2026 23:33:10.749 INFO [main] org.apache.catalina.startup.VersionLoggerListener.log Command line argument: -Dcatalina.base=C:\Users\Candra Hermawansah\Downloads\TaskManager\TaskManager\tomcat\apache-tomcat-9.0.98
28-May-2026 23:33:10.749 INFO [main] org.apache.catalina.startup.VersionLoggerListener.log Command line argument: -Dcatalina.home=C:\Users\Candra Hermawansah\Downloads\TaskManager\TaskManager\tomcat\apache-tomcat-9.0.98
28-May-2026 23:33:10.750 INFO [main] org.apache.catalina.startup.VersionLoggerListener.log Command line argument: -Djava.io.tmpdir=C:\Users\Candra Hermawansah\Downloads\TaskManager\TaskManager\tomcat\apache-tomcat-9.0.98\temp
28-May-2026 23:33:10.755 INFO [main] org.apache.catalina.core.AprLifecycleListener.lifecycleEvent Loaded Apache Tomcat Native library [1.3.1] using APR version [1.7.4].
28-May-2026 23:33:10.756 INFO [main] org.apache.catalina.core.AprLifecycleListener.lifecycleEvent APR capabilities: IPv6 [true], sendfile [true], accept filters [false], random [true], UDS [true].
28-May-2026 23:33:10.756 INFO [main] org.apache.catalina.core.AprLifecycleListener.lifecycleEvent APR/OpenSSL configuration: useAprConnector [false], useOpenSSL [true]
28-May-2026 23:33:10.766 INFO [main] org.apache.catalina.core.AprLifecycleListener.initializeSSL OpenSSL successfully initialized [OpenSSL 3.0.14 4 Jun 2024]
28-May-2026 23:33:11.328 INFO [main] org.apache.coyote.AbstractProtocol.init Initializing ProtocolHandler ["http-nio-8082"]
28-May-2026 23:33:11.360 INFO [main] org.apache.catalina.startup.Catalina.load Server initialization in [945] milliseconds
28-May-2026 23:33:11.441 INFO [main] org.apache.catalina.core.StandardService.startInternal Starting service [Catalina]
28-May-2026 23:33:11.441 INFO [main] org.apache.catalina.core.StandardEngine.startInternal Starting Servlet engine: [Apache Tomcat/9.0.98]
28-May-2026 23:33:11.458 INFO [main] org.apache.catalina.startup.HostConfig.deployDirectory Deploying web application directory [C:\Users\Candra Hermawansah\Downloads\TaskManager\TaskManager\tomcat\apache-tomcat-9.0.98\webapps\docs]
28-May-2026 23:33:11.974 INFO [main] org.apache.catalina.startup.HostConfig.deployDirectory Deployment of web application directory [C:\Users\Candra Hermawansah\Downloads\TaskManager\TaskManager\tomcat\apache-tomcat-9.0.98\webapps\docs] has finished in [516] ms
28-May-2026 23:33:11.975 INFO [main] org.apache.catalina.startup.HostConfig.deployDirectory Deploying web application directory [C:\Users\Candra Hermawansah\Downloads\TaskManager\TaskManager\tomcat\apache-tomcat-9.0.98\webapps\examples]
28-May-2026 23:33:12.819 INFO [main] org.apache.catalina.startup.HostConfig.deployDirectory Deployment of web application directory [C:\Users\Candra Hermawansah\Downloads\TaskManager\TaskManager\tomcat\apache-tomcat-9.0.98\webapps\examples] has finished in [844] ms
28-May-2026 23:33:12.819 INFO [main] org.apache.catalina.startup.HostConfig.deployDirectory Deploying web application directory [C:\Users\Candra Hermawansah\Downloads\TaskManager\TaskManager\tomcat\apache-tomcat-9.0.98\webapps\host-manager]
28-May-2026 23:33:12.900 INFO [main] org.apache.catalina.startup.HostConfig.deployDirectory Deployment of web application directory [C:\Users\Candra Hermawansah\Downloads\TaskManager\TaskManager\tomcat\apache-tomcat-9.0.98\webapps\host-manager] has finished in [80] ms
28-May-2026 23:33:12.900 INFO [main] org.apache.catalina.startup.HostConfig.deployDirectory Deploying web application directory [C:\Users\Candra Hermawansah\Downloads\TaskManager\TaskManager\tomcat\apache-tomcat-9.0.98\webapps\manager]
28-May-2026 23:33:12.975 INFO [main] org.apache.catalina.startup.HostConfig.deployDirectory Deployment of web application directory [C:\Users\Candra Hermawansah\Downloads\TaskManager\TaskManager\tomcat\apache-tomcat-9.0.98\webapps\manager] has finished in [75] ms
28-May-2026 23:33:12.976 INFO [main] org.apache.catalina.startup.HostConfig.deployDirectory Deploying web application directory [C:\Users\Candra Hermawansah\Downloads\TaskManager\TaskManager\tomcat\apache-tomcat-9.0.98\webapps\ROOT]
28-May-2026 23:33:13.635 INFO [main] org.apache.jasper.servlet.TldScanner.scanJars At least one JAR was scanned for TLDs yet contained no TLDs. Enable debug logging for this logger for a complete list of JARs that were scanned but no TLDs were found in them. Skipping unneeded JARs during scanning can improve startup time and JSP compilation time.
28-May-2026 23:33:13.647 INFO [main] org.apache.catalina.startup.HostConfig.deployDirectory Deployment of web application directory [C:\Users\Candra Hermawansah\Downloads\TaskManager\TaskManager\tomcat\apache-tomcat-9.0.98\webapps\ROOT] has finished in [671] ms
28-May-2026 23:33:13.653 INFO [main] org.apache.coyote.AbstractProtocol.start Starting ProtocolHandler ["http-nio-8082"]
28-May-2026 23:33:13.690 INFO [main] org.apache.catalina.startup.Catalina.start Server startup in [2326] milliseconds
